// Jest Snapshot v1, https://goo.gl/fbAQLP

exports[`form tests renders 1`] = `
<DocumentFragment>
  <h2>
    Current User Info:
  </h2>
  <ul
    class="returned-sample-state"
  >
    <li>
      fullName: Initial User Name
    </li>
    <li>
      email: Initial Email
    </li>
    <li>
      password: Initial Password
    </li>
    <li>
      age: 30
    </li>
    <li>
      preference: None
    </li>
    <li>
      pronouns: 
    </li>
    <li>
      optin: false
    </li>
  </ul>
  <form>
    <div
      class="form-field"
    >
      <label
        for="fullName"
      >
        Name: 
        <span
          class="required"
        >
          *
        </span>
      </label>
      <input
        id="fullName"
        name="fullName"
        placeholder="Enter your full name"
        type="text"
        value=""
      />
    </div>
    <div
      class="form-field"
    >
      <label
        for="email"
      >
        Email: 
      </label>
      <input
        id="email"
        name="email"
        placeholder="Enter your email address"
        type="text"
        value=""
      />
    </div>
    <div
      class="form-field"
    >
      <label
        for="password"
      >
        Password: 
        <span
          class="required"
        >
          *
        </span>
      </label>
      <input
        id="password"
        name="password"
        placeholder="Enter your password"
        type="password"
        value=""
      />
    </div>
    <div
      class="form-field"
    >
      <label
        for="age"
      >
        Age: 
        <span
          class="required"
        >
          *
        </span>
      </label>
      <input
        id="age"
        name="age"
        placeholder="Enter your age"
        type="number"
        value=""
      />
    </div>
    <div
      class="form-field"
    >
      <label
        for="preference"
      >
        Color Preference: 
      </label>
      <select
        id="preference"
        name="preference"
      >
        <option
          value="0"
        >
          Select your preferred color
        </option>
        <option
          value="Red"
        >
          Red
        </option>
        <option
          value="Green"
        >
          Green
        </option>
        <option
          value="Blue"
        >
          Blue
        </option>
        <option
          value="Yellow"
        >
          Yellow
        </option>
      </select>
    </div>
    <div
      class="form-field"
    >
      <h2>
        Pronouns: 
      </h2>
      <ul>
        <li>
          <input
            id="he/him"
            type="checkbox"
          />
          <label>
            he/him
          </label>
        </li>
        <li>
          <input
            id="she/her"
            type="checkbox"
          />
          <label>
            she/her
          </label>
        </li>
        <li>
          <input
            checked=""
            id="they/them"
            type="checkbox"
          />
          <label>
            they/them
          </label>
        </li>
      </ul>
    </div>
    <div
      class="form-field"
    >
      <h2>
        Opt-in: 
      </h2>
      <ul
        name="optin"
        value="false"
      >
        <li>
          <input
            id="optedIn"
            name="optin"
            type="radio"
            value="true"
          />
          <label
            for="optedIn"
          >
            yes
          </label>
        </li>
        <li>
          <input
            checked=""
            id="optedOut"
            name="optin"
            type="radio"
            value="false"
          />
          <label
            for="optedOut"
          >
            no
          </label>
        </li>
      </ul>
    </div>
    <button
      class="formSubmit"
      type="submit"
    >
      Submit
    </button>
  </form>
</DocumentFragment>
`;
