// Jest Snapshot v1, https://goo.gl/fbAQLP

exports[`renders 1`] = `
<DocumentFragment>
  <button
    aria-label="Open the menu"
    class="menu-toggle"
  >
    <span
      aria-hidden="true"
      class="menu-hamburger"
    />
    <span
      aria-hidden="true"
      class="menu-hamburger"
    />
    <span
      aria-hidden="true"
      class="menu-hamburger"
    />
  </button>
</DocumentFragment>
`;
